c1 3 REGULAR 1
c5 6 SPECIAL 1
c4 8 SPECIAL 1
c2 5 REGULAR 1